V3 3
FL "/home/alejandro/Documentos/Laboratorio de Electronica/Primo/PrimoModule.vhd" 2017/09/27.11:24:51 P.20131013
EN work/PrimoModule 1506529502 \
      FL "/home/alejandro/Documentos/Laboratorio de Electronica/Primo/PrimoModule.vhd" \
      PB ieee/std_logic_1164 1381692176
AR work/PrimoModule/Behavioral 1506529503 \
      FL "/home/alejandro/Documentos/Laboratorio de Electronica/Primo/PrimoModule.vhd" \
      EN work/PrimoModule 1506529502
