V3 11
FL "/home/alejandro/Documentos/Laboratorio de Electronica/ProyectoFinal/sumadormedio.vhd" 2017/12/04.17:17:52 P.20131013
EN work/sumadormedio 1512430388 \
      FL "/home/alejandro/Documentos/Laboratorio de Electronica/ProyectoFinal/sumadormedio.vhd" \
      PB ieee/std_logic_1164 1381692176
AR work/sumadormedio/Behavioral 1512430389 \
      FL "/home/alejandro/Documentos/Laboratorio de Electronica/ProyectoFinal/sumadormedio.vhd" \
      EN work/sumadormedio 1512430388
FL "/home/alejandro/Documentos/Laboratorio de Electronica/ProyectoFinal/Sumador_AltoNivel.vhd" 2017/12/04.18:29:44 P.20131013
EN work/Sumador_AltoNivel 1512430392 \
      FL "/home/alejandro/Documentos/Laboratorio de Electronica/ProyectoFinal/Sumador_AltoNivel.vhd" \
      PB ieee/std_logic_1164 1381692176
AR work/Sumador_AltoNivel/Behavioral 1512430393 \
      FL "/home/alejandro/Documentos/Laboratorio de Electronica/ProyectoFinal/Sumador_AltoNivel.vhd" \
      EN work/Sumador_AltoNivel 1512430392 CP sumadormedio CP Sumador_Completo
FL "/home/alejandro/Documentos/Laboratorio de Electronica/ProyectoFinal/Sumador_Completo.vhd" 2017/12/04.17:26:48 P.20131013
EN work/Sumador_Completo 1512430390 \
      FL "/home/alejandro/Documentos/Laboratorio de Electronica/ProyectoFinal/Sumador_Completo.vhd" \
      PB ieee/std_logic_1164 1381692176
AR work/Sumador_Completo/Behavioral 1512430391 \
      FL "/home/alejandro/Documentos/Laboratorio de Electronica/ProyectoFinal/Sumador_Completo.vhd" \
      EN work/Sumador_Completo 1512430390
