V3 3
FL "/home/alejandro/Documentos/Laboratorio de Electronica/Carriles/Carriles.vhd" 2017/10/23.22:32:09 P.20131013
EN work/Carriles 1509552943 \
      FL "/home/alejandro/Documentos/Laboratorio de Electronica/Carriles/Carriles.vhd" \
      PB ieee/std_logic_1164 1381692176
AR work/Carriles/Behavioral 1509552944 \
      FL "/home/alejandro/Documentos/Laboratorio de Electronica/Carriles/Carriles.vhd" \
      EN work/Carriles 1509552943
