AR multiplexor2a1_1bit behavioral "/home/alejandro/Documentos/Laboratorio de Electronica/ALU/Multiplexor2a1_1bit.vhd" sub00/vhpl15 1512566486
AR and1 behavioral "/home/alejandro/Documentos/Laboratorio de Electronica/ALU/AND1.vhd" sub00/vhpl23 1512566496
AR ca2 behavioral "/home/alejandro/Documentos/Laboratorio de Electronica/ALU/Ca2.vhd" sub00/vhpl09 1512566488
EN or1bit NULL "/home/alejandro/Documentos/Laboratorio de Electronica/ALU/OR1.vhd" sub00/vhpl12 1512566493
EN sumadormedio NULL "/home/alejandro/Documentos/Laboratorio de Electronica/ALU/SumadorMedio.vhd" sub00/vhpl00 1512566479
EN ssl NULL "/home/alejandro/Documentos/Laboratorio de Electronica/ALU/SSL.vhd" sub00/vhpl07 1512566499
EN comparador1bit NULL "/home/alejandro/Documentos/Laboratorio de Electronica/ALU/Comparador1bit.vhd" sub00/vhpl18 1512566489
EN ssr NULL "/home/alejandro/Documentos/Laboratorio de Electronica/ALU/SSR.vhd" sub00/vhpl06 1512566501
EN multiplexor2a1_1bit NULL "/home/alejandro/Documentos/Laboratorio de Electronica/ALU/Multiplexor2a1_1bit.vhd" sub00/vhpl14 1512566485
AR restador8bits behavioral "/home/alejandro/Documentos/Laboratorio de Electronica/ALU/Restador8bits.vhd" sub00/vhpl11 1512566504
EN comparador8bits NULL "/home/alejandro/Documentos/Laboratorio de Electronica/ALU/Comparador8bits.vhd" sub00/vhpl20 1512566497
AR ssr behavioral "/home/alejandro/Documentos/Laboratorio de Electronica/ALU/SSR.vhd" sub00/vhpl25 1512566502
EN ca2 NULL "/home/alejandro/Documentos/Laboratorio de Electronica/ALU/Ca2.vhd" sub00/vhpl08 1512566487
AR comparador1bit behavioral "/home/alejandro/Documentos/Laboratorio de Electronica/ALU/Comparador1bit.vhd" sub00/vhpl19 1512566490
EN restador8bits NULL "/home/alejandro/Documentos/Laboratorio de Electronica/ALU/Restador8bits.vhd" sub00/vhpl10 1512566503
AR comparador8bits behavioral "/home/alejandro/Documentos/Laboratorio de Electronica/ALU/Comparador8bits.vhd" sub00/vhpl21 1512566498
EN multiplexor2a1_8bits NULL "/home/alejandro/Documentos/Laboratorio de Electronica/ALU/Multiplexor2a1_8bits.vhd" sub00/vhpl16 1512566491
AR ssl behavioral "/home/alejandro/Documentos/Laboratorio de Electronica/ALU/SSL.vhd" sub00/vhpl24 1512566500
AR or1bit behavioral "/home/alejandro/Documentos/Laboratorio de Electronica/ALU/OR1.vhd" sub00/vhpl13 1512566494
AR alu behavioral "/home/alejandro/Documentos/Laboratorio de Electronica/ALU/ALU.vhd" sub00/vhpl27 1512566506
EN sumador8bits NULL "/home/alejandro/Documentos/Laboratorio de Electronica/ALU/Sumador8bits.vhd" sub00/vhpl04 1512566483
AR sumadormedio behavioral "/home/alejandro/Documentos/Laboratorio de Electronica/ALU/SumadorMedio.vhd" sub00/vhpl01 1512566480
AR sumador8bits behavioral "/home/alejandro/Documentos/Laboratorio de Electronica/ALU/Sumador8bits.vhd" sub00/vhpl05 1512566484
EN sumadorcompleto NULL "/home/alejandro/Documentos/Laboratorio de Electronica/ALU/SumadorCompleto.vhd" sub00/vhpl02 1512566481
EN and1 NULL "/home/alejandro/Documentos/Laboratorio de Electronica/ALU/AND1.vhd" sub00/vhpl22 1512566495
EN alu NULL "/home/alejandro/Documentos/Laboratorio de Electronica/ALU/ALU.vhd" sub00/vhpl26 1512566505
AR multiplexor2a1_8bits behavioral "/home/alejandro/Documentos/Laboratorio de Electronica/ALU/Multiplexor2a1_8bits.vhd" sub00/vhpl17 1512566492
AR sumadorcompleto behavioral "/home/alejandro/Documentos/Laboratorio de Electronica/ALU/SumadorCompleto.vhd" sub00/vhpl03 1512566482
